
> ai-interviewer@1.0.0 build
> next build

   Γû▓ Next.js 15.5.13
   - Environments: .env

   Creating an optimized production build ...
 Γ£ô Compiled successfully in 19.0s
   Linting and checking validity of types ...
   Collecting page data ...
   Generating static pages (0/21) ...
   Generating static pages (5/21) 
   Generating static pages (10/21) 
   Generating static pages (15/21) 
 Γ£ô Generating static pages (21/21)
   Finalizing page optimization ...
   Collecting build traces ...

Route (app)                                 Size  First Load JS
Γöî Γùï /                                      168 B         106 kB
Γö£ Γùï /_not-found                            149 B         102 kB
Γö£ ╞Æ /api/auth/[...nextauth]                149 B         102 kB
Γö£ ╞Æ /api/auth/forgot-password              149 B         102 kB
Γö£ ╞Æ /api/auth/register                     149 B         102 kB
Γö£ ╞Æ /api/auth/reset-password               149 B         102 kB
Γö£ ╞Æ /api/chat                              149 B         102 kB
Γö£ ╞Æ /api/resume/delete                     149 B         102 kB
Γö£ ╞Æ /api/resume/get                        149 B         102 kB
Γö£ ╞Æ /api/resume/upload                     149 B         102 kB
Γö£ ╞Æ /api/session/complete                  149 B         102 kB
Γö£ ╞Æ /api/tts                               149 B         102 kB
Γö£ Γùï /auth/forgot                         2.41 kB         117 kB
Γö£ Γùï /auth/login                          1.45 kB         126 kB
Γö£ Γùï /auth/register                       1.42 kB         126 kB
Γö£ Γùï /auth/reset                          2.65 kB         108 kB
Γö£ ╞Æ /history                               168 B         106 kB
Γö£ Γùï /interview/session                   47.7 kB         150 kB
Γö£ ╞Æ /interview/setup                      3.8 kB         106 kB
Γö£ ╞Æ /profile                              2.2 kB         117 kB
Γöö ╞Æ /report/[id]                           168 B         106 kB
+ First Load JS shared by all             102 kB
  Γö£ chunks/493-c7b6ae41786bb33d.js         46 kB
  Γö£ chunks/4bd1b696-c023c6e3521b1417.js  54.2 kB
  Γöö other shared chunks (total)          1.99 kB


Γùï  (Static)   prerendered as static content
╞Æ  (Dynamic)  server-rendered on demand

